src/app/[locale]/(auth)/email-verified/[token]/page.tsx(1,1): error TS6133: 'React' is declared but its value is never read.
src/app/[locale]/(auth)/forgot-password/page.tsx(3,8): error TS6133: 'React' is declared but its value is never read.
src/app/[locale]/(auth)/login/page.tsx(1,1): error TS6133: 'React' is declared but its value is never read.
src/app/[locale]/(auth)/registration/page.tsx(1,1): error TS6133: 'React' is declared but its value is never read.
src/app/[locale]/(auth)/reset-password/[token]/page.tsx(1,1): error TS6133: 'React' is declared but its value is never read.
src/app/[locale]/(auth)/verify-email/components/Verification.tsx(3,1): error TS6133: 'React' is declared but its value is never read.
src/app/[locale]/(auth)/verify-email/page.tsx(1,1): error TS6133: 'React' is declared but its value is never read.
src/app/[locale]/[...not-found]/page.tsx(3,1): error TS6133: 'React' is declared but its value is never read.
src/app/[locale]/admin/(protected)/dashboard/page.tsx(1,1): error TS6133: 'React' is declared but its value is never read.
src/app/[locale]/admin/(protected)/users/page.tsx(1,1): error TS6133: 'React' is declared but its value is never read.
src/app/[locale]/admin/login/page.tsx(1,1): error TS6133: 'React' is declared but its value is never read.
src/components/admin/Layout/Navbar.tsx(2,8): error TS6133: 'React' is declared but its value is never read.
src/components/admin/Layout/Sidebar.tsx(2,1): error TS6133: 'React' is declared but its value is never read.
src/components/admin/Users/Users.tsx(3,8): error TS6133: 'React' is declared but its value is never read.
src/components/utils/SupabaseAuthProvider.tsx(24,55): error TS6133: 'session' is declared but its value is never read.
